// Jest Snapshot v1, https://goo.gl/fbAQLP

exports[`ImageConfigView Component should render correctly and match snapshot 1`] = `
<div>
  <div
    class="image-config-container"
  >
    <div
      class="config-header"
    >
      Image Configuration
    </div>
    <div
      class="parameters-section"
    >
      <div
        class="parameter-group"
      >
        <label>
          Image Size
        </label>
        <select
          class="size-select"
        >
          <option
            value="512x512"
          >
            512x512
          </option>
          <option
            value="1024x1024"
          >
            1024x1024
          </option>
        </select>
      </div>
      <div
        class="parameter-group"
      >
        <label>
          Style
        </label>
        <select
          class="style-select"
        >
          <option
            value="realistic"
          >
            Realistic
          </option>
          <option
            value="artistic"
          >
            Artistic
          </option>
          <option
            value="abstract"
          >
            Abstract
          </option>
        </select>
      </div>
      <div
        class="parameter-group"
      >
        <label>
          Prompt
        </label>
        <input
          class="prompt-input"
          placeholder="Describe your image..."
          type="text"
        />
      </div>
    </div>
    <div
      class="preview-section"
    >
      <div
        class="preview-container"
      />
    </div>
    <div
      class="controls-section"
    >
      <button
        class="generate-btn"
      >
        Generate Image
      </button>
      <button
        class="reset-btn"
      >
        Reset
      </button>
    </div>
  </div>
</div>
`;
